=== EMAIL RECORDED AT 2026-08-13T19:12:03.883988 ===
TO: testuser_9732@example.com
FROM: noreply@aimockinterview.com
SUBJECT: Evaluation Report: Fullstack Software Engineer Mock Interview (8.0/10)
BODY:

    <!DOCTYPE html>
    <html>
    <head>
        <meta charset="utf-8">
        <style>
            body {
                font-family: -apple-system, BlinkMacSystemFont, "Segoe UI", Roboto, Helvetica, Arial, sans-serif;
                background-color: #0a0a0a;
                color: #ffffff;
                margin: 0;
                padding: 0;
            }
            .container {
                max-width: 600px;
                margin: 40px auto;
                background-color: #121212;
                border: 1px solid #1f1f1f;
                border-radius: 16px;
                overflow: hidden;
                box-shadow: 0 10px 30px rgba(0,0,0,0.5);
            }
            .header {
                background: linear-gradient(135deg, #2563eb 0%, #7c3aed 100%);
                padding: 40px 30px;
                text-align: center;
            }
            .header h1 {
                margin: 0;
                font-size: 26px;
                font-weight: 800;
                color: #ffffff;
                letter-spacing: -0.5px;
            }
            .header p {
                margin: 8px 0 0 0;
                font-size: 14px;
                color: #e0e7ff;
                font-weight: 500;
                text-transform: uppercase;
                letter-spacing: 1px;
            }
            .content {
                padding: 30px;
            }
            .scores-grid {
                display: table;
                width: 100%;
                margin-bottom: 30px;
                background-color: #1a1a1a;
                border: 1px solid #262626;
                border-radius: 12px;
                padding: 15px 0;
            }
            .score-col {
                display: table-cell;
                width: 33.33%;
                text-align: center;
                vertical-align: middle;
            }
            .score-val {
                font-size: 28px;
                font-weight: 900;
                margin: 0;
            }
            .score-overall { color: #3b82f6; }
            .score-tech { color: #10b981; }
            .score-comm { color: #d946ef; }
            .score-label {
                font-size: 10px;
                font-weight: 700;
                color: #737373;
                text-transform: uppercase;
                letter-spacing: 0.5px;
                margin-top: 4px;
            }
            .section {
                margin-bottom: 25px;
            }
            .section h3 {
                font-size: 14px;
                font-weight: 700;
                text-transform: uppercase;
                letter-spacing: 0.5px;
                margin-top: 0;
                margin-bottom: 12px;
                border-bottom: 1px solid #1f1f1f;
                padding-bottom: 6px;
            }
            .feedback-text {
                font-size: 14px;
                line-height: 1.6;
                color: #a3a3a3;
                margin: 0;
            }
            .list-strengths {
                list-style-type: none;
                padding-left: 0;
                margin: 0;
                font-size: 13px;
            }
            .list-weaknesses {
                list-style-type: none;
                padding-left: 0;
                margin: 0;
                font-size: 13px;
            }
            .button-container {
                text-align: center;
                margin-top: 35px;
                margin-bottom: 10px;
            }
            .btn {
                background-color: #2563eb;
                color: #ffffff !important;
                padding: 12px 30px;
                font-size: 14px;
                font-weight: 700;
                text-decoration: none;
                border-radius: 8px;
                display: inline-block;
                transition: background-color 0.2s;
            }
            .footer {
                background-color: #0d0d0d;
                padding: 20px;
                text-align: center;
                border-top: 1px solid #1f1f1f;
                font-size: 11px;
                color: #525252;
            }
        </style>
    </head>
    <body>
        <div class="container">
            <div class="header">
                <p>Medium Difficulty Room</p>
                <h1>Fullstack Software Engineer Report</h1>
            </div>
            
            <div class="content">
                <div class="scores-grid">
                    <div class="score-col">
                        <p class="score-val score-overall">8.0</p>
                        <p class="score-label">Overall</p>
                    </div>
                    <div class="score-col" style="border-left: 1px solid #262626; border-right: 1px solid #262626;">
                        <p class="score-val score-tech">7.6</p>
                        <p class="score-label">Technical</p>
                    </div>
                    <div class="score-col">
                        <p class="score-val score-comm">7.2</p>
                        <p class="score-label">Communication</p>
                    </div>
                </div>

                <div class="section">
                    <h3 style="color: #3b82f6;">Performance Overview</h3>
                    <p class="feedback-text">Overall, your answers show a solid basic understanding, but you should dive deeper into specific architectural details and performance trade-offs to stand out as a senior candidate.</p>
                </div>

                <div class="section" style="margin-top: 30px;">
                    <div style="background-color: #064e3b; border: 1px solid #065f46; padding: 15px; border-radius: 8px; margin-bottom: 15px;">
                        <h4 style="margin-top: 0; margin-bottom: 8px; color: #34d399; font-size: 13px; text-transform: uppercase;">Key Strengths</h4>
                        <ul class="list-strengths"><li style='margin-bottom: 8px; color: #d1d5db;'>✓ Demonstrated solid conceptual familiarity with the key technologies mentioned.</li><li style='margin-bottom: 8px; color: #d1d5db;'>✓ Answer structures are logical and easy to follow.</li></ul>
                    </div>
                    
                    <div style="background-color: #78350f; border: 1px solid #92400e; padding: 15px; border-radius: 8px;">
                        <h4 style="margin-top: 0; margin-bottom: 8px; color: #fbbf24; font-size: 13px; text-transform: uppercase;">Areas for Improvement</h4>
                        <ul class="list-weaknesses"><li style='margin-bottom: 8px; color: #d1d5db;'>⚠ Lacks specific technical depth and real-world performance tuning examples.</li><li style='margin-bottom: 8px; color: #d1d5db;'>⚠ Several answers could benefit from sharing architectural trade-offs.</li></ul>
                    </div>
                </div>

                <div class="button-container">
                    <a href="http://localhost:3000/interview/6a7dc9a53102ec31b3969e81/result" class="btn">View Full Assessment</a>
                </div>
            </div>

            <div class="footer">
                <p>This report was generated dynamically by the AI Mock Interview Recruiter Agent.</p>
                <p>&copy; 2026 AI Mock Interview Platform. All rights reserved.</p>
            </div>
        </div>
    </body>
    </html>
    
============================================================

=== EMAIL RECORDED AT 2026-08-13T23:35:33.026958 ===
TO: testuser_1870@example.com
FROM: noreply@aimockinterview.com
SUBJECT: Evaluation Report: Fullstack Software Engineer Mock Interview (8.0/10)
BODY:

    <!DOCTYPE html>
    <html>
    <head>
        <meta charset="utf-8">
        <style>
            body {
                font-family: -apple-system, BlinkMacSystemFont, "Segoe UI", Roboto, Helvetica, Arial, sans-serif;
                background-color: #0a0a0a;
                color: #ffffff;
                margin: 0;
                padding: 0;
            }
            .container {
                max-width: 600px;
                margin: 40px auto;
                background-color: #121212;
                border: 1px solid #1f1f1f;
                border-radius: 16px;
                overflow: hidden;
                box-shadow: 0 10px 30px rgba(0,0,0,0.5);
            }
            .header {
                background: linear-gradient(135deg, #2563eb 0%, #7c3aed 100%);
                padding: 40px 30px;
                text-align: center;
            }
            .header h1 {
                margin: 0;
                font-size: 26px;
                font-weight: 800;
                color: #ffffff;
                letter-spacing: -0.5px;
            }
            .header p {
                margin: 8px 0 0 0;
                font-size: 14px;
                color: #e0e7ff;
                font-weight: 500;
                text-transform: uppercase;
                letter-spacing: 1px;
            }
            .content {
                padding: 30px;
            }
            .scores-grid {
                display: table;
                width: 100%;
                margin-bottom: 30px;
                background-color: #1a1a1a;
                border: 1px solid #262626;
                border-radius: 12px;
                padding: 15px 0;
            }
            .score-col {
                display: table-cell;
                width: 33.33%;
                text-align: center;
                vertical-align: middle;
            }
            .score-val {
                font-size: 28px;
                font-weight: 900;
                margin: 0;
            }
            .score-overall { color: #3b82f6; }
            .score-tech { color: #10b981; }
            .score-comm { color: #d946ef; }
            .score-label {
                font-size: 10px;
                font-weight: 700;
                color: #737373;
                text-transform: uppercase;
                letter-spacing: 0.5px;
                margin-top: 4px;
            }
            .section {
                margin-bottom: 25px;
            }
            .section h3 {
                font-size: 14px;
                font-weight: 700;
                text-transform: uppercase;
                letter-spacing: 0.5px;
                margin-top: 0;
                margin-bottom: 12px;
                border-bottom: 1px solid #1f1f1f;
                padding-bottom: 6px;
            }
            .feedback-text {
                font-size: 14px;
                line-height: 1.6;
                color: #a3a3a3;
                margin: 0;
            }
            .list-strengths {
                list-style-type: none;
                padding-left: 0;
                margin: 0;
                font-size: 13px;
            }
            .list-weaknesses {
                list-style-type: none;
                padding-left: 0;
                margin: 0;
                font-size: 13px;
            }
            .button-container {
                text-align: center;
                margin-top: 35px;
                margin-bottom: 10px;
            }
            .btn {
                background-color: #2563eb;
                color: #ffffff !important;
                padding: 12px 30px;
                font-size: 14px;
                font-weight: 700;
                text-decoration: none;
                border-radius: 8px;
                display: inline-block;
                transition: background-color 0.2s;
            }
            .footer {
                background-color: #0d0d0d;
                padding: 20px;
                text-align: center;
                border-top: 1px solid #1f1f1f;
                font-size: 11px;
                color: #525252;
            }
        </style>
    </head>
    <body>
        <div class="container">
            <div class="header">
                <p>Medium Difficulty Room</p>
                <h1>Fullstack Software Engineer Report</h1>
            </div>
            
            <div class="content">
                <div class="scores-grid">
                    <div class="score-col">
                        <p class="score-val score-overall">8.0</p>
                        <p class="score-label">Overall</p>
                    </div>
                    <div class="score-col" style="border-left: 1px solid #262626; border-right: 1px solid #262626;">
                        <p class="score-val score-tech">7.6</p>
                        <p class="score-label">Technical</p>
                    </div>
                    <div class="score-col">
                        <p class="score-val score-comm">7.2</p>
                        <p class="score-label">Communication</p>
                    </div>
                </div>

                <div class="section">
                    <h3 style="color: #3b82f6;">Performance Overview</h3>
                    <p class="feedback-text">Overall, your answers show a solid basic understanding, but you should dive deeper into specific architectural details and performance trade-offs to stand out as a senior candidate.</p>
                </div>

                <div class="section" style="margin-top: 30px;">
                    <div style="background-color: #064e3b; border: 1px solid #065f46; padding: 15px; border-radius: 8px; margin-bottom: 15px;">
                        <h4 style="margin-top: 0; margin-bottom: 8px; color: #34d399; font-size: 13px; text-transform: uppercase;">Key Strengths</h4>
                        <ul class="list-strengths"><li style='margin-bottom: 8px; color: #d1d5db;'>✓ Demonstrated solid conceptual familiarity with the key technologies mentioned.</li><li style='margin-bottom: 8px; color: #d1d5db;'>✓ Answer structures are logical and easy to follow.</li></ul>
                    </div>
                    
                    <div style="background-color: #78350f; border: 1px solid #92400e; padding: 15px; border-radius: 8px;">
                        <h4 style="margin-top: 0; margin-bottom: 8px; color: #fbbf24; font-size: 13px; text-transform: uppercase;">Areas for Improvement</h4>
                        <ul class="list-weaknesses"><li style='margin-bottom: 8px; color: #d1d5db;'>⚠ Lacks specific technical depth and real-world performance tuning examples.</li><li style='margin-bottom: 8px; color: #d1d5db;'>⚠ Several answers could benefit from sharing architectural trade-offs.</li></ul>
                    </div>
                </div>

                <div class="button-container">
                    <a href="http://localhost:3000/interview/6a7e076248587d4498ff9178/result" class="btn">View Full Assessment</a>
                </div>
            </div>

            <div class="footer">
                <p>This report was generated dynamically by the AI Mock Interview Recruiter Agent.</p>
                <p>&copy; 2026 AI Mock Interview Platform. All rights reserved.</p>
            </div>
        </div>
    </body>
    </html>
    
============================================================

=== EMAIL RECORDED AT 2026-08-14T11:14:23.496382 ===
TO: testuser_8969@example.com
FROM: noreply@aimockinterview.com
SUBJECT: Evaluation Report: Fullstack Software Engineer Mock Interview (8.0/10)
BODY:

    <!DOCTYPE html>
    <html>
    <head>
        <meta charset="utf-8">
        <style>
            body {
                font-family: -apple-system, BlinkMacSystemFont, "Segoe UI", Roboto, Helvetica, Arial, sans-serif;
                background-color: #0a0a0a;
                color: #ffffff;
                margin: 0;
                padding: 0;
            }
            .container {
                max-width: 600px;
                margin: 40px auto;
                background-color: #121212;
                border: 1px solid #1f1f1f;
                border-radius: 16px;
                overflow: hidden;
                box-shadow: 0 10px 30px rgba(0,0,0,0.5);
            }
            .header {
                background: linear-gradient(135deg, #2563eb 0%, #7c3aed 100%);
                padding: 40px 30px;
                text-align: center;
            }
            .header h1 {
                margin: 0;
                font-size: 26px;
                font-weight: 800;
                color: #ffffff;
                letter-spacing: -0.5px;
            }
            .header p {
                margin: 8px 0 0 0;
                font-size: 14px;
                color: #e0e7ff;
                font-weight: 500;
                text-transform: uppercase;
                letter-spacing: 1px;
            }
            .content {
                padding: 30px;
            }
            .scores-grid {
                display: table;
                width: 100%;
                margin-bottom: 30px;
                background-color: #1a1a1a;
                border: 1px solid #262626;
                border-radius: 12px;
                padding: 15px 0;
            }
            .score-col {
                display: table-cell;
                width: 33.33%;
                text-align: center;
                vertical-align: middle;
            }
            .score-val {
                font-size: 28px;
                font-weight: 900;
                margin: 0;
            }
            .score-overall { color: #3b82f6; }
            .score-tech { color: #10b981; }
            .score-comm { color: #d946ef; }
            .score-label {
                font-size: 10px;
                font-weight: 700;
                color: #737373;
                text-transform: uppercase;
                letter-spacing: 0.5px;
                margin-top: 4px;
            }
            .section {
                margin-bottom: 25px;
            }
            .section h3 {
                font-size: 14px;
                font-weight: 700;
                text-transform: uppercase;
                letter-spacing: 0.5px;
                margin-top: 0;
                margin-bottom: 12px;
                border-bottom: 1px solid #1f1f1f;
                padding-bottom: 6px;
            }
            .feedback-text {
                font-size: 14px;
                line-height: 1.6;
                color: #a3a3a3;
                margin: 0;
            }
            .list-strengths {
                list-style-type: none;
                padding-left: 0;
                margin: 0;
                font-size: 13px;
            }
            .list-weaknesses {
                list-style-type: none;
                padding-left: 0;
                margin: 0;
                font-size: 13px;
            }
            .button-container {
                text-align: center;
                margin-top: 35px;
                margin-bottom: 10px;
            }
            .btn {
                background-color: #2563eb;
                color: #ffffff !important;
                padding: 12px 30px;
                font-size: 14px;
                font-weight: 700;
                text-decoration: none;
                border-radius: 8px;
                display: inline-block;
                transition: background-color 0.2s;
            }
            .footer {
                background-color: #0d0d0d;
                padding: 20px;
                text-align: center;
                border-top: 1px solid #1f1f1f;
                font-size: 11px;
                color: #525252;
            }
        </style>
    </head>
    <body>
        <div class="container">
            <div class="header">
                <p>Medium Difficulty Room</p>
                <h1>Fullstack Software Engineer Report</h1>
            </div>
            
            <div class="content">
                <div class="scores-grid">
                    <div class="score-col">
                        <p class="score-val score-overall">8.0</p>
                        <p class="score-label">Overall</p>
                    </div>
                    <div class="score-col" style="border-left: 1px solid #262626; border-right: 1px solid #262626;">
                        <p class="score-val score-tech">7.6</p>
                        <p class="score-label">Technical</p>
                    </div>
                    <div class="score-col">
                        <p class="score-val score-comm">7.2</p>
                        <p class="score-label">Communication</p>
                    </div>
                </div>

                <div class="section">
                    <h3 style="color: #3b82f6;">Performance Overview</h3>
                    <p class="feedback-text">Overall, your answers show a solid basic understanding, but you should dive deeper into specific architectural details and performance trade-offs to stand out as a senior candidate.</p>
                </div>

                <div class="section" style="margin-top: 30px;">
                    <div style="background-color: #064e3b; border: 1px solid #065f46; padding: 15px; border-radius: 8px; margin-bottom: 15px;">
                        <h4 style="margin-top: 0; margin-bottom: 8px; color: #34d399; font-size: 13px; text-transform: uppercase;">Key Strengths</h4>
                        <ul class="list-strengths"><li style='margin-bottom: 8px; color: #d1d5db;'>✓ Demonstrated solid conceptual familiarity with the key technologies mentioned.</li><li style='margin-bottom: 8px; color: #d1d5db;'>✓ Answer structures are logical and easy to follow.</li></ul>
                    </div>
                    
                    <div style="background-color: #78350f; border: 1px solid #92400e; padding: 15px; border-radius: 8px;">
                        <h4 style="margin-top: 0; margin-bottom: 8px; color: #fbbf24; font-size: 13px; text-transform: uppercase;">Areas for Improvement</h4>
                        <ul class="list-weaknesses"><li style='margin-bottom: 8px; color: #d1d5db;'>⚠ Lacks specific technical depth and real-world performance tuning examples.</li><li style='margin-bottom: 8px; color: #d1d5db;'>⚠ Several answers could benefit from sharing architectural trade-offs.</li></ul>
                    </div>
                </div>

                <div class="button-container">
                    <a href="http://localhost:3000/interview/6a7eab2b74d9f7288ef05bd9/result" class="btn">View Full Assessment</a>
                </div>
            </div>

            <div class="footer">
                <p>This report was generated dynamically by the AI Mock Interview Recruiter Agent.</p>
                <p>&copy; 2026 AI Mock Interview Platform. All rights reserved.</p>
            </div>
        </div>
    </body>
    </html>
    
============================================================

=== EMAIL RECORDED AT 2026-08-14T11:24:04.137539 ===
TO: testuser_7918@example.com
FROM: noreply@aimockinterview.com
SUBJECT: Evaluation Report: Fullstack Software Engineer Mock Interview (8.0/10)
BODY:

    <!DOCTYPE html>
    <html>
    <head>
        <meta charset="utf-8">
        <style>
            body {
                font-family: -apple-system, BlinkMacSystemFont, "Segoe UI", Roboto, Helvetica, Arial, sans-serif;
                background-color: #0a0a0a;
                color: #ffffff;
                margin: 0;
                padding: 0;
            }
            .container {
                max-width: 600px;
                margin: 40px auto;
                background-color: #121212;
                border: 1px solid #1f1f1f;
                border-radius: 16px;
                overflow: hidden;
                box-shadow: 0 10px 30px rgba(0,0,0,0.5);
            }
            .header {
                background: linear-gradient(135deg, #2563eb 0%, #7c3aed 100%);
                padding: 40px 30px;
                text-align: center;
            }
            .header h1 {
                margin: 0;
                font-size: 26px;
                font-weight: 800;
                color: #ffffff;
                letter-spacing: -0.5px;
            }
            .header p {
                margin: 8px 0 0 0;
                font-size: 14px;
                color: #e0e7ff;
                font-weight: 500;
                text-transform: uppercase;
                letter-spacing: 1px;
            }
            .content {
                padding: 30px;
            }
            .scores-grid {
                display: table;
                width: 100%;
                margin-bottom: 30px;
                background-color: #1a1a1a;
                border: 1px solid #262626;
                border-radius: 12px;
                padding: 15px 0;
            }
            .score-col {
                display: table-cell;
                width: 33.33%;
                text-align: center;
                vertical-align: middle;
            }
            .score-val {
                font-size: 28px;
                font-weight: 900;
                margin: 0;
            }
            .score-overall { color: #3b82f6; }
            .score-tech { color: #10b981; }
            .score-comm { color: #d946ef; }
            .score-label {
                font-size: 10px;
                font-weight: 700;
                color: #737373;
                text-transform: uppercase;
                letter-spacing: 0.5px;
                margin-top: 4px;
            }
            .section {
                margin-bottom: 25px;
            }
            .section h3 {
                font-size: 14px;
                font-weight: 700;
                text-transform: uppercase;
                letter-spacing: 0.5px;
                margin-top: 0;
                margin-bottom: 12px;
                border-bottom: 1px solid #1f1f1f;
                padding-bottom: 6px;
            }
            .feedback-text {
                font-size: 14px;
                line-height: 1.6;
                color: #a3a3a3;
                margin: 0;
            }
            .list-strengths {
                list-style-type: none;
                padding-left: 0;
                margin: 0;
                font-size: 13px;
            }
            .list-weaknesses {
                list-style-type: none;
                padding-left: 0;
                margin: 0;
                font-size: 13px;
            }
            .button-container {
                text-align: center;
                margin-top: 35px;
                margin-bottom: 10px;
            }
            .btn {
                background-color: #2563eb;
                color: #ffffff !important;
                padding: 12px 30px;
                font-size: 14px;
                font-weight: 700;
                text-decoration: none;
                border-radius: 8px;
                display: inline-block;
                transition: background-color 0.2s;
            }
            .footer {
                background-color: #0d0d0d;
                padding: 20px;
                text-align: center;
                border-top: 1px solid #1f1f1f;
                font-size: 11px;
                color: #525252;
            }
        </style>
    </head>
    <body>
        <div class="container">
            <div class="header">
                <p>Medium Difficulty Room</p>
                <h1>Fullstack Software Engineer Report</h1>
            </div>
            
            <div class="content">
                <div class="scores-grid">
                    <div class="score-col">
                        <p class="score-val score-overall">8.0</p>
                        <p class="score-label">Overall</p>
                    </div>
                    <div class="score-col" style="border-left: 1px solid #262626; border-right: 1px solid #262626;">
                        <p class="score-val score-tech">7.6</p>
                        <p class="score-label">Technical</p>
                    </div>
                    <div class="score-col">
                        <p class="score-val score-comm">7.2</p>
                        <p class="score-label">Communication</p>
                    </div>
                </div>

                <div class="section">
                    <h3 style="color: #3b82f6;">Performance Overview</h3>
                    <p class="feedback-text">Overall, your answers show a solid basic understanding, but you should dive deeper into specific architectural details and performance trade-offs to stand out as a senior candidate.</p>
                </div>

                <div class="section" style="margin-top: 30px;">
                    <div style="background-color: #064e3b; border: 1px solid #065f46; padding: 15px; border-radius: 8px; margin-bottom: 15px;">
                        <h4 style="margin-top: 0; margin-bottom: 8px; color: #34d399; font-size: 13px; text-transform: uppercase;">Key Strengths</h4>
                        <ul class="list-strengths"><li style='margin-bottom: 8px; color: #d1d5db;'>✓ Demonstrated solid conceptual familiarity with the key technologies mentioned.</li><li style='margin-bottom: 8px; color: #d1d5db;'>✓ Answer structures are logical and easy to follow.</li></ul>
                    </div>
                    
                    <div style="background-color: #78350f; border: 1px solid #92400e; padding: 15px; border-radius: 8px;">
                        <h4 style="margin-top: 0; margin-bottom: 8px; color: #fbbf24; font-size: 13px; text-transform: uppercase;">Areas for Improvement</h4>
                        <ul class="list-weaknesses"><li style='margin-bottom: 8px; color: #d1d5db;'>⚠ Lacks specific technical depth and real-world performance tuning examples.</li><li style='margin-bottom: 8px; color: #d1d5db;'>⚠ Several answers could benefit from sharing architectural trade-offs.</li></ul>
                    </div>
                </div>

                <div class="button-container">
                    <a href="http://localhost:3000/interview/6a7ead68cfeb350b8178e3a0/result" class="btn">View Full Assessment</a>
                </div>
            </div>

            <div class="footer">
                <p>This report was generated dynamically by the AI Mock Interview Recruiter Agent.</p>
                <p>&copy; 2026 AI Mock Interview Platform. All rights reserved.</p>
            </div>
        </div>
    </body>
    </html>
    
============================================================

